初始化一个Git仓库，使用git init命令。
添加文件到Git仓库，分两步：
• 第一步，使用命令git add <file>，注意，可反复多次使用，添加多个文件；
• 第二步，使用命令git commit，完成。 （git commit -m"shuoming"）

• 要随时掌握工作区的状态，使用git status命令。
• 如果git status告诉你有文件被修改过，用git diff可以查看修改内容。

版本回退
• HEAD指向的版本就是当前版本，因此，Git允许我们在版本的历史之间穿梭，使用命令git reset --hard commit_id。
• 穿梭前，用git log可以查看提交历史，以便确定要回退到哪个版本。
• 要重返未来，用git reflog查看命令历史，以便确定要回到未来的哪个版本。

前面讲了我们把文件往Git版本库里添加的时候，是分两步执行的：
第一步是用git add把文件添加进去，实际上就是把文件修改添加到暂存区；
第二步是用git commit提交更改，实际上就是把暂存区的所有内容提交到当前分支。
因为我们创建Git版本库时，Git自动为我们创建了唯一一个master分支，所以，现在，git commit就是往master分支上提交更改。
你可以简单理解为，需要提交的文件修改通通放到暂存区，然后，一次性提交暂存区的所有修改。




又到了小结时间。
场景1：当你改乱了工作区某个文件的内容，想直接丢弃工作区的修改时，用命令git checkout -- file。
场景2：当你不但改乱了工作区某个文件的内容，还添加到了暂存区时，想丢弃修改，分两步，第一步用命令git reset HEAD file，就回到了场景1，第二步按场景1操作。
场景3：已经提交了不合适的修改到版本库时，想要撤销本次提交，参考版本回退一节，不过前提是没有推送到远程库。

一般情况下，你通常直接在文件管理器中把没用的文件删了，或者用rm命令删了：

这个时候，Git知道你删除了文件，因此，工作区和版本库就不一致了，git status命令会立刻告诉你哪些文件被删除了：

现在你有两个选择，一是确实要从版本库中删除该文件，那就用命令git rm删掉，并且git commit：

另一种情况是删错了，因为版本库里还有呢，所以可以很轻松地把误删的文件恢复到最新版本：
$ git checkout -- test.txt
git checkout其实是用版本库里的版本替换工作区的版本，无论工作区是修改还是删除，都可以“一键还原”。



命令git rm用于删除一个文件。如果一个文件已经被提交到版本库，那么你永远不用担心误删，但是要小心，你只能恢复文件到最新版本，你会丢失最近一次提交后你修改的内容。


小结
要关联一个远程库，使用命令git remote add origin git@server-name:path/repo-name.git；
关联后，使用命令git push -u origin master第一次推送master分支的所有内容；
此后，每次本地提交后，只要有必要，就可以使用命令git push origin master推送最新修改；
分布式版本系统的最大好处之一是在本地工作完全不需要考虑远程库的存在，也就是有没有联网都可以正常工作，而SVN在没有联网的时候是拒绝干活的！当有网络的时候，再把本地提交推送一下就完成了同步，真是太方便了！


从远程库克隆
要克隆一个仓库，首先必须知道仓库的地址，然后使用git clone命令克隆。
Git支持多种协议，包括https，但通过ssh支持的原生git协议速度最快。

小结
Git鼓励大量使用分支：
查看分支：git branch
创建分支：git branch <name>
切换分支：git checkout <name>
创建+切换分支：git checkout -b <name>
合并某分支到当前分支：git merge <name>
删除分支：git branch -d <name>

解决冲突
当Git无法自动合并分支时，就必须首先解决冲突。解决冲突后，再提交，合并完成。
用git log --graph命令可以看到分支合并图。

分支管理
在实际开发中，我们应该按照几个基本原则进行分支管理：
首先，master分支应该是非常稳定的，也就是仅用来发布新版本，平时不能在上面干活；
那在哪干活呢？干活都在dev分支上，也就是说，dev分支是不稳定的，到某个时候，比如1.0版本发布时，再把dev分支合并到master上，在master分支发布1.0版本；
你和你的小伙伴们每个人都在dev分支上干活，每个人都有自己的分支，时不时地往dev分支上合并就可以了。
所以，团队合作的分支看起来就像这样：


Git分支十分强大，在团队开发中应该充分应用。
合并分支时，加上--no-ff参数就可以用普通模式合并，合并后的历史有分支，能看出来曾经做过合并，而fast forward合并就看不出来曾经做过合并。

Bug分支
阅读: 68003

软件开发中，bug就像家常便饭一样。有了bug就需要修复，在Git中，由于分支是如此的强大，所以，每个bug都可以通过一个新的临时分支来修复，修复后，合并分支，然后将临时分支删除。
当你接到一个修复一个代号101的bug的任务时，很自然地，你想创建一个分支issue-101来修复它，但是，等等，当前正在dev上进行的工作还没有提交：
$ git status
# On branch dev
# Changes to be committed:
#   (use "git reset HEAD <file>..." to unstage)
#
#       new file:   hello.py
#
# Changes not staged for commit:
#   (use "git add <file>..." to update what will be committed)
#   (use "git checkout -- <file>..." to discard changes in working directory)
#
#       modified:   readme.txt
#
并不是你不想提交，而是工作只进行到一半，还没法提交，预计完成还需1天时间。但是，必须在两个小时内修复该bug，怎么办？
幸好，Git还提供了一个stash功能，可以把当前工作现场“储藏”起来，等以后恢复现场后继续工作：
$ git stash
Saved working directory and index state WIP on dev: 6224937 add merge
HEAD is now at 6224937 add merge
现在，用git status查看工作区，就是干净的（除非有没有被Git管理的文件），因此可以放心地创建分支来修复bug。
首先确定要在哪个分支上修复bug，假定需要在master分支上修复，就从master创建临时分支：
$ git checkout master
Switched to branch 'master'
Your branch is ahead of 'origin/master' by 6 commits.
$ git checkout -b issue-101
Switched to a new branch 'issue-101'
现在修复bug，需要把“Git is free software ...”改为“Git is a free software ...”，然后提交：
$ git add readme.txt 
$ git commit -m "fix bug 101"
[issue-101 cc17032] fix bug 101
 1 file changed, 1 insertion(+), 1 deletion(-)
修复完成后，切换到master分支，并完成合并，最后删除issue-101分支：
$ git checkout master
Switched to branch 'master'
Your branch is ahead of 'origin/master' by 2 commits.
$ git merge --no-ff -m "merged bug fix 101" issue-101
Merge made by the 'recursive' strategy.
 readme.txt |    2 +-
 1 file changed, 1 insertion(+), 1 deletion(-)
$ git branch -d issue-101
Deleted branch issue-101 (was cc17032).
太棒了，原计划两个小时的bug修复只花了5分钟！现在，是时候接着回到dev分支干活了！
$ git checkout dev
Switched to branch 'dev'
$ git status
# On branch dev
nothing to commit (working directory clean)
工作区是干净的，刚才的工作现场存到哪去了？用git stash list命令看看：
$ git stash list
stash@{0}: WIP on dev: 6224937 add merge
工作现场还在，Git把stash内容存在某个地方了，但是需要恢复一下，有两个办法：
一是用git stash apply恢复，但是恢复后，stash内容并不删除，你需要用git stash drop来删除；
另一种方式是用git stash pop，恢复的同时把stash内容也删了：
$ git stash pop
# On branch dev
# Changes to be committed:
#   (use "git reset HEAD <file>..." to unstage)
#
#       new file:   hello.py
#
# Changes not staged for commit:
#   (use "git add <file>..." to update what will be committed)
#   (use "git checkout -- <file>..." to discard changes in working directory)
#
#       modified:   readme.txt
#
Dropped refs/stash@{0} (f624f8e5f082f2df2bed8a4e09c12fd2943bdd40)
再用git stash list查看，就看不到任何stash内容了：
$ git stash list
你可以多次stash，恢复的时候，先用git stash list查看，然后恢复指定的stash，用命令：
$ git stash apply stash@{0}
bug分支
修复bug时，我们会通过创建新的bug分支进行修复，然后合并，最后删除；
当手头工作没有完成时，先把工作现场git stash一下，然后去修复bug，修复后，再git stash pop，回到工作现场。
feature分支
开发一个新feature，最好新建一个分支；
如果要丢弃一个没有被合并过的分支，可以通过git branch -D <name>强行删除。

多人协作
• 查看远程库信息，使用git remote -v；
• 本地新建的分支如果不推送到远程，对其他人就是不可见的；
• 从本地推送分支，使用git push origin branch-name，如果推送失败，先用git pull抓取远程的新提交；
• 在本地创建和远程分支对应的分支，使用git checkout -b branch-name origin/branch-name，本地和远程分支的名称最好一致；
• 建立本地分支和远程分支的关联，使用git branch --set-upstream branch-name origin/branch-name；
• 从远程抓取分支，使用git pull，如果有冲突，要先处理冲突。


创建标签
阅读: 50882

在Git中打标签非常简单，首先，切换到需要打标签的分支上：
$ git branch
* dev
  master
$ git checkout master
Switched to branch 'master'
然后，敲命令git tag <name>就可以打一个新标签：
$ git tag v1.0
可以用命令git tag查看所有标签：
$ git tag
v1.0
默认标签是打在最新提交的commit上的。有时候，如果忘了打标签，比如，现在已经是周五了，但应该在周一打的标签没有打，怎么办？
方法是找到历史提交的commit id，然后打上就可以了：
$ git log --pretty=oneline --abbrev-commit
6a5819e merged bug fix 101
cc17032 fix bug 101
7825a50 merge with no-ff
6224937 add merge
59bc1cb conflict fixed
400b400 & simple
75a857c AND simple
fec145a branch test
d17efd8 remove test.txt
...
比方说要对add merge这次提交打标签，它对应的commit id是6224937，敲入命令：
$ git tag v0.9 6224937
再用命令git tag查看标签：
$ git tag
v0.9
v1.0
注意，标签不是按时间顺序列出，而是按字母排序的。可以用git show <tagname>查看标签信息：
$ git show v0.9
commit 622493706ab447b6bb37e4e2a2f276a20fed2ab4
Author: Michael Liao <askxuefeng@gmail.com>
Date:   Thu Aug 22 11:22:08 2013 +0800
add merge
...
可以看到，v0.9确实打在add merge这次提交上。
还可以创建带有说明的标签，用-a指定标签名，-m指定说明文字：
$ git tag -a v0.1 -m "version 0.1 released" 3628164
用命令git show <tagname>可以看到说明文字：
$ git show v0.1
tag v0.1
Tagger: Michael Liao <askxuefeng@gmail.com>
Date:   Mon Aug 26 07:28:11 2013 +0800
version 0.1 released
commit 3628164fb26d48395383f8f31179f24e0882e1e0
Author: Michael Liao <askxuefeng@gmail.com>
Date:   Tue Aug 20 15:11:49 2013 +0800
append GPL
还可以通过-s用私钥签名一个标签：
$ git tag -s v0.2 -m "signed version 0.2 released" fec145a
签名采用PGP签名，因此，必须首先安装gpg（GnuPG），如果没有找到gpg，或者没有gpg密钥对，就会报错：
gpg: signing failed: secret key not available
error: gpg failed to sign the data
error: unable to sign the tag
如果报错，请参考GnuPG帮助文档配置Key。
用命令git show <tagname>可以看到PGP签名信息：
$ git show v0.2
tag v0.2
Tagger: Michael Liao <askxuefeng@gmail.com>
Date:   Mon Aug 26 07:28:33 2013 +0800
signed version 0.2 released
-----BEGIN PGP SIGNATURE-----
Version: GnuPG v1.4.12 (Darwin)
iQEcBAABAgAGBQJSGpMhAAoJEPUxHyDAhBpT4QQIAKeHfR3bo...
-----END PGP SIGNATURE-----
commit fec145accd63cdc9ed95a2f557ea0658a2a6537f
Author: Michael Liao <askxuefeng@gmail.com>
Date:   Thu Aug 22 10:37:30 2013 +0800
branch test
用PGP签名的标签是不可伪造的，因为可以验证PGP签名。验证签名的方法比较复杂，这里就不介绍了。
创建标签
• 命令git tag <name>用于新建一个标签，默认为HEAD，也可以指定一个commit id；
• git tag -a <tagname> -m "blablabla..."可以指定标签信息；
• git tag -s <tagname> -m "blablabla..."可以用PGP签名标签；
• 命令git tag可以查看所有标签。


操作标签
阅读: 35942

如果标签打错了，也可以删除：
$ git tag -d v0.1
Deleted tag 'v0.1' (was e078af9)
因为创建的标签都只存储在本地，不会自动推送到远程。所以，打错的标签可以在本地安全删除。
如果要推送某个标签到远程，使用命令git push origin <tagname>：
$ git push origin v1.0
Total 0 (delta 0), reused 0 (delta 0)
To git@github.com:michaelliao/learngit.git
 * [new tag]         v1.0 -> v1.0
或者，一次性推送全部尚未推送到远程的本地标签：
$ git push origin --tags
Counting objects: 1, done.
Writing objects: 100% (1/1), 554 bytes, done.
Total 1 (delta 0), reused 0 (delta 0)
To git@github.com:michaelliao/learngit.git
 * [new tag]         v0.2 -> v0.2
 * [new tag]         v0.9 -> v0.9
如果标签已经推送到远程，要删除远程标签就麻烦一点，先从本地删除：
$ git tag -d v0.9
Deleted tag 'v0.9' (was 6224937)
然后，从远程删除。删除命令也是push，但是格式如下：
$ git push origin :refs/tags/v0.9
To git@github.com:michaelliao/learngit.git
 - [deleted]         v0.9
要看看是否真的从远程库删除了标签，可以登陆GitHub查看。
删除标签
• 命令git push origin <tagname>可以推送一个本地标签；
• 命令git push origin --tags可以推送全部未推送过的本地标签；
• 命令git tag -d <tagname>可以删除一个本地标签；
• 命令git push origin :refs/tags/<tagname>可以删除一个远程标签。
